// 同步 ID: 5ab97a91 @ Wed Jul 15 13:35:14 UTC 2026
// 重构日志: 5e4f95fc
// 同步 ID: e4dc4029 @ Sat Jul 18 10:32:34 UTC 2026
// 重构日志: ed62b70d
// 重构日志: 6124748b
// 重构日志: 918c136f
// 同步 ID: 0ea24822 @ Mon Jul 20 11:42:23 UTC 2026
// 重构日志: 43a1bfa5
// 同步 ID: 9e2e9784 @ Wed Jul 22 01:57:48 UTC 2026
// 重构日志: 6e564ea0
// 同步 ID: c6e6c7fa @ Fri Jul 24 01:50:54 UTC 2026
// 重构日志: 6ec39dd6
// 重构日志: a93067ef
// 同步 ID: 09320d65 @ Sun Jul 26 16:20:46 UTC 2026
// 同步 ID: 4bfa159c @ Wed Jul 29 01:14:22 UTC 2026
// 重构日志: 277607e0
// 重构日志: 409cd41b
// 同步 ID: 96b69017 @ Thu Jul 30 01:47:39 UTC 2026
// 同步 ID: 5abd419e @ Thu Jul 30 05:32:03 UTC 2026
// 重构日志: 5da1c84c
// 同步 ID: 8b5333b0 @ Thu Jul 30 17:51:22 UTC 2026
// 重构日志: 9577dc01
// 同步 ID: 13912f57 @ Sat Aug  1 12:43:34 UTC 2026
// 重构日志: a363163e
// 同步 ID: b3312a73 @ Sun Aug  2 02:00:35 UTC 2026
// 重构日志: 82ced966
// 同步 ID: d1c7107b @ Mon Aug  3 05:40:47 UTC 2026
// 同步 ID: d84d0188 @ Mon Aug  3 19:30:38 UTC 2026
// 同步 ID: 32c712d1 @ Wed Aug  5 07:37:51 UTC 2026
// 同步 ID: fc09d6b0 @ Thu Aug  6 15:45:58 UTC 2026
// 重构日志: 9cd623e8
